{
  "version": "1.5.0",
  "plugins_used": [
    {
      "name": "ArtifactoryDetector"
    },
    {
      "name": "AWSKeyDetector"
    },
    {
      "name": "AzureStorageKeyDetector"
    },
    {
      "name": "Base64HighEntropyString",
      "limit": 4.5
    },
    {
      "name": "BasicAuthDetector"
    },
    {
      "name": "CloudantDetector"
    },
    {
      "name": "DiscordBotTokenDetector"
    },
    {
      "name": "GitHubTokenDetector"
    },
    {
      "name": "GitLabTokenDetector"
    },
    {
      "name": "HexHighEntropyString",
      "limit": 3.0
    },
    {
      "name": "IbmCloudIamDetector"
    },
    {
      "name": "IbmCosHmacDetector"
    },
    {
      "name": "IPPublicDetector"
    },
    {
      "name": "JwtTokenDetector"
    },
    {
      "name": "KeywordDetector",
      "keyword_exclude": ""
    },
    {
      "name": "MailchimpDetector"
    },
    {
      "name": "NpmDetector"
    },
    {
      "name": "OpenAIDetector"
    },
    {
      "name": "PrivateKeyDetector"
    },
    {
      "name": "PypiTokenDetector"
    },
    {
      "name": "SendGridDetector"
    },
    {
      "name": "SlackDetector"
    },
    {
      "name": "SoftlayerDetector"
    },
    {
      "name": "SquareOAuthDetector"
    },
    {
      "name": "StripeDetector"
    },
    {
      "name": "TelegramBotTokenDetector"
    },
    {
      "name": "TwilioKeyDetector"
    }
  ],
  "filters_used": [
    {
      "path": "detect_secrets.filters.allowlist.is_line_allowlisted"
    },
    {
      "path": "detect_secrets.filters.common.is_baseline_file",
      "filename": ".secrets.baseline"
    },
    {
      "path": "detect_secrets.filters.common.is_ignored_due_to_verification_policies",
      "min_level": 2
    },
    {
      "path": "detect_secrets.filters.heuristic.is_indirect_reference"
    },
    {
      "path": "detect_secrets.filters.heuristic.is_likely_id_string"
    },
    {
      "path": "detect_secrets.filters.heuristic.is_lock_file"
    },
    {
      "path": "detect_secrets.filters.heuristic.is_not_alphanumeric_string"
    },
    {
      "path": "detect_secrets.filters.heuristic.is_potential_uuid"
    },
    {
      "path": "detect_secrets.filters.heuristic.is_prefixed_with_dollar_sign"
    },
    {
      "path": "detect_secrets.filters.heuristic.is_sequential_string"
    },
    {
      "path": "detect_secrets.filters.heuristic.is_swagger_file"
    },
    {
      "path": "detect_secrets.filters.heuristic.is_templated_secret"
    }
  ],
  "results": {
    "tests/evals/direct_anchor/baselines/external_web_research_v1/baseline-manifest.json": [
      {
        "type": "Hex High Entropy String",
        "filename": "tests/evals/direct_anchor/baselines/external_web_research_v1/baseline-manifest.json",
        "hashed_secret": "27cfcb7fb97c14b0478559bb24882284e49299a4",
        "is_verified": false,
        "line_number": 6,
        "is_secret": false
      },
      {
        "type": "Hex High Entropy String",
        "filename": "tests/evals/direct_anchor/baselines/external_web_research_v1/baseline-manifest.json",
        "hashed_secret": "3b8c53313da38c42e0e2a0314ff0e93f42309881",
        "is_verified": false,
        "line_number": 7,
        "is_secret": false
      },
      {
        "type": "Hex High Entropy String",
        "filename": "tests/evals/direct_anchor/baselines/external_web_research_v1/baseline-manifest.json",
        "hashed_secret": "986e74b63dcc140334cfa29ade683fa6b429a25d",
        "is_verified": false,
        "line_number": 8,
        "is_secret": false
      },
      {
        "type": "Hex High Entropy String",
        "filename": "tests/evals/direct_anchor/baselines/external_web_research_v1/baseline-manifest.json",
        "hashed_secret": "088188fc7fa89795bc80cd62bc2622b2a52813e1",
        "is_verified": false,
        "line_number": 9,
        "is_secret": false
      },
      {
        "type": "Hex High Entropy String",
        "filename": "tests/evals/direct_anchor/baselines/external_web_research_v1/baseline-manifest.json",
        "hashed_secret": "55dad6f5a5b4d7dcb9992ae3938efd281df725ab",
        "is_verified": false,
        "line_number": 10,
        "is_secret": false
      }
    ],
    "tests/evals/direct_anchor/baselines/external_web_research_v1/metadata.json": [
      {
        "type": "Hex High Entropy String",
        "filename": "tests/evals/direct_anchor/baselines/external_web_research_v1/metadata.json",
        "hashed_secret": "6d34d017e431a24da30434ec5d7dcd69b7dec24d",
        "is_verified": false,
        "line_number": 12,
        "is_secret": true
      },
      {
        "type": "Hex High Entropy String",
        "filename": "tests/evals/direct_anchor/baselines/external_web_research_v1/metadata.json",
        "hashed_secret": "3b8c53313da38c42e0e2a0314ff0e93f42309881",
        "is_verified": false,
        "line_number": 29,
        "is_secret": true
      },
      {
        "type": "Hex High Entropy String",
        "filename": "tests/evals/direct_anchor/baselines/external_web_research_v1/metadata.json",
        "hashed_secret": "8cfad85f17cf607391fd17104f3c7b13bb053570",
        "is_verified": false,
        "line_number": 30,
        "is_secret": true
      },
      {
        "type": "Hex High Entropy String",
        "filename": "tests/evals/direct_anchor/baselines/external_web_research_v1/metadata.json",
        "hashed_secret": "4483deb944fc7df5b8c5de7c795d7a10d6ca2f30",
        "is_verified": false,
        "line_number": 32,
        "is_secret": true
      }
    ],
    "tests/evals/direct_anchor/baselines/external_web_research_v1/worker-result.json": [
      {
        "type": "Hex High Entropy String",
        "filename": "tests/evals/direct_anchor/baselines/external_web_research_v1/worker-result.json",
        "hashed_secret": "4483deb944fc7df5b8c5de7c795d7a10d6ca2f30",
        "is_verified": false,
        "line_number": 37,
        "is_secret": true
      }
    ],
    "tests/evals/direct_anchor/baselines/state_storage_boundary_v1/baseline-manifest.json": [
      {
        "type": "Hex High Entropy String",
        "filename": "tests/evals/direct_anchor/baselines/state_storage_boundary_v1/baseline-manifest.json",
        "hashed_secret": "6641f817600e9afc6b3997ee08734e98d7eea73e",
        "is_verified": false,
        "line_number": 6,
        "is_secret": true
      },
      {
        "type": "Hex High Entropy String",
        "filename": "tests/evals/direct_anchor/baselines/state_storage_boundary_v1/baseline-manifest.json",
        "hashed_secret": "b0df2c94dbeabedf172b46a53788cc4c9b3f7596",
        "is_verified": false,
        "line_number": 7,
        "is_secret": true
      },
      {
        "type": "Hex High Entropy String",
        "filename": "tests/evals/direct_anchor/baselines/state_storage_boundary_v1/baseline-manifest.json",
        "hashed_secret": "f67b374f4c942e4a2ace4646edc4cc0c816ededc",
        "is_verified": false,
        "line_number": 8,
        "is_secret": true
      },
      {
        "type": "Hex High Entropy String",
        "filename": "tests/evals/direct_anchor/baselines/state_storage_boundary_v1/baseline-manifest.json",
        "hashed_secret": "390b6bd8c67590a6df6cc9a93dc7dacc93b23567",
        "is_verified": false,
        "line_number": 9,
        "is_secret": true
      },
      {
        "type": "Hex High Entropy String",
        "filename": "tests/evals/direct_anchor/baselines/state_storage_boundary_v1/baseline-manifest.json",
        "hashed_secret": "9d4561aa791dd826fdf304080b867d0e0369c8b5",
        "is_verified": false,
        "line_number": 10,
        "is_secret": true
      }
    ],
    "tests/evals/direct_anchor/baselines/state_storage_boundary_v1/metadata.json": [
      {
        "type": "Hex High Entropy String",
        "filename": "tests/evals/direct_anchor/baselines/state_storage_boundary_v1/metadata.json",
        "hashed_secret": "390b6bd8c67590a6df6cc9a93dc7dacc93b23567",
        "is_verified": false,
        "line_number": 5,
        "is_secret": true
      }
    ],
    "tests/evals/test_external_web_anchor_snapshot.py": [
      {
        "type": "Hex High Entropy String",
        "filename": "tests/evals/test_external_web_anchor_snapshot.py",
        "hashed_secret": "6d34d017e431a24da30434ec5d7dcd69b7dec24d",
        "is_verified": false,
        "line_number": 35,
        "is_secret": true
      },
      {
        "type": "Hex High Entropy String",
        "filename": "tests/evals/test_external_web_anchor_snapshot.py",
        "hashed_secret": "3b8c53313da38c42e0e2a0314ff0e93f42309881",
        "is_verified": false,
        "line_number": 43,
        "is_secret": true
      }
    ]
  },
  "generated_at": "2026-09-02T19:50:35Z"
}
